
> portfolio@0.0.0 build
> tsc -b && vite build

[36mvite v7.2.7 [32mbuilding client environment for production...[36m[39m
transforming...
[32mΓ£ô[39m 23 modules transformed.
node.exe : 
[31mΓ£ù[39m Build 
failed in 596ms
At C:\Program Files\n
odejs\npm.ps1:29 
char:3
+   & $NODE_EXE 
$NPM_CLI_JS $args
+   ~~~~~~~~~~~~~~~~~
~~~~~~~~~~~~
    + CategoryInfo   
           : NotSpe  
  cified: ([31mΓ£   
 ù[39m Build fai    
led in 596ms:Str    
ing) [], RemoteE    
xception
    + FullyQualified 
   ErrorId : Native  
  CommandError
 
[31merror during 
build:
[31m[vite:css] 
[postcss] It looks 
like you're trying 
to use `tailwindcss` 
directly as a 
PostCSS plugin. The 
PostCSS plugin has 
moved to a separate 
package, so to 
continue using 
Tailwind CSS with 
PostCSS you'll need 
to install `@tailwind
css/postcss` and 
update your PostCSS 
configuration.[31m
file: [36mC:/Users/l
aksh/OneDrive/Desktop
/portfolio/src/index.
css:undefined:NaN[31
m
    at at (C:\Users\l
aksh\OneDrive\Desktop
\portfolio\node_modul
es\tailwindcss\dist\l
ib.js:38:1629)
    at 
LazyResult.runOnRoot 
(C:\Users\laksh\OneDr
ive\Desktop\portfolio
\node_modules\postcss
\lib\lazy-result.js:3
61:16)
    at 
LazyResult.runAsync (
C:\Users\laksh\OneDri
ve\Desktop\portfolio\
node_modules\postcss\
lib\lazy-result.js:29
0:26)
    at async 
runPostCSS (file:///C
:/Users/laksh/OneDriv
e/Desktop/portfolio/n
ode_modules/vite/dist
/node/chunks/config.j
s:30144:19)
    at async 
compilePostCSS (file:
///C:/Users/laksh/One
Drive/Desktop/portfol
io/node_modules/vite/
dist/node/chunks/conf
ig.js:30128:6)
    at async 
compileCSS (file:///C
:/Users/laksh/OneDriv
e/Desktop/portfolio/n
ode_modules/vite/dist
/node/chunks/config.j
s:30058:26)
    at async 
Object.handler (file:
///C:/Users/laksh/One
Drive/Desktop/portfol
io/node_modules/vite/
dist/node/chunks/conf
ig.js:29591:54)
    at async 
transform (file:///C:
/Users/laksh/OneDrive
/Desktop/portfolio/no
de_modules/rollup/dis
t/es/shared/node-entr
y.js:21163:16)
    at async ModuleLo
ader.addModuleSource 
(file:///C:/Users/lak
sh/OneDrive/Desktop/p
ortfolio/node_modules
/rollup/dist/es/share
d/node-entry.js:21377
:36)[39m
